#-----------------------------------------------------------
# Vivado v2017.4 (64-bit)
# SW Build 2086221 on Fri Dec 15 20:55:39 MST 2017
# IP Build 2085800 on Fri Dec 15 22:25:07 MST 2017
# Start of session at: Mon Dec  3 16:12:20 2018
# Process ID: 39004
# Current directory: C:/latest_orion-anchor/orion-anchor/projects/fpga_tag_fir_corr
# Command line: vivado.exe -gui_launcher_event rodinguilauncherevent38128 C:\latest_orion-anchor\orion-anchor\projects\fpga_tag_fir_corr\anchor_fpga.xpr
# Log file: C:/latest_orion-anchor/orion-anchor/projects/fpga_tag_fir_corr/vivado.log
# Journal file: C:/latest_orion-anchor/orion-anchor/projects/fpga_tag_fir_corr\vivado.jou
#-----------------------------------------------------------
start_gui
open_project C:/latest_orion-anchor/orion-anchor/projects/fpga_tag_fir_corr/anchor_fpga.xpr
update_compile_order -fileset sources_1
file mkdir C:/latest_orion-anchor/orion-anchor/projects/fpga_tag_fir_corr/anchor_fpga.srcs/sim_1/new
set_property SOURCE_SET sources_1 [get_filesets sim_1]
close [ open C:/latest_orion-anchor/orion-anchor/projects/fpga_tag_fir_corr/anchor_fpga.srcs/sim_1/new/anchor_top_tb.v w ]
add_files -fileset sim_1 C:/latest_orion-anchor/orion-anchor/projects/fpga_tag_fir_corr/anchor_fpga.srcs/sim_1/new/anchor_top_tb.v
update_compile_order -fileset sim_1
update_compile_order -fileset sim_1
launch_simulation
set_property compxlib.modelsim_compiled_library_dir C:/modeltech64_10.5/vivado2017_lib [current_project]
launch_simulation
close_project
